// Jest Snapshot v1, https://goo.gl/fbAQLP

exports[`Register Form Component matches the snapshot 1`] = `
<form
  className="ant-form ant-form-horizontal custom-form"
  onReset={[Function]}
  onSubmit={[Function]}
>
  <div
    className="ant-row ant-form-item half-input"
    style={Object {}}
  >
    <div
      className="ant-col ant-col-24 ant-form-item-label"
      style={Object {}}
    >
      <label
        className="ant-form-item-required"
        htmlFor="firstName"
        title="Podaj imię"
      >
        Podaj imię
      </label>
    </div>
    <div
      className="ant-col ant-col-24 ant-form-item-control"
      style={Object {}}
    >
      <div
        className="ant-form-item-control-input"
      >
        <div
          className="ant-form-item-control-input-content"
        >
          <input
            className="ant-input"
            id="firstName"
            onBlur={[Function]}
            onChange={[Function]}
            onFocus={[Function]}
            onKeyDown={[Function]}
            placeholder="Imię"
            type="text"
            value=""
          />
        </div>
      </div>
    </div>
  </div>
  <div
    className="ant-row ant-form-item half-input"
    style={Object {}}
  >
    <div
      className="ant-col ant-col-24 ant-form-item-label"
      style={Object {}}
    >
      <label
        className="ant-form-item-required"
        htmlFor="lastName"
        title="Podaj nazwisko"
      >
        Podaj nazwisko
      </label>
    </div>
    <div
      className="ant-col ant-col-24 ant-form-item-control"
      style={Object {}}
    >
      <div
        className="ant-form-item-control-input"
      >
        <div
          className="ant-form-item-control-input-content"
        >
          <input
            className="ant-input"
            id="lastName"
            onBlur={[Function]}
            onChange={[Function]}
            onFocus={[Function]}
            onKeyDown={[Function]}
            placeholder="Nazwisko"
            type="text"
            value=""
          />
        </div>
      </div>
    </div>
  </div>
  <div
    className="ant-row ant-form-item"
    style={Object {}}
  >
    <div
      className="ant-col ant-col-24 ant-form-item-label"
      style={Object {}}
    >
      <label
        className="ant-form-item-required"
        htmlFor="username"
        title="Podaj nazwę użytkownika"
      >
        Podaj nazwę użytkownika
      </label>
    </div>
    <div
      className="ant-col ant-col-24 ant-form-item-control"
      style={Object {}}
    >
      <div
        className="ant-form-item-control-input"
      >
        <div
          className="ant-form-item-control-input-content"
        >
          <input
            className="ant-input"
            id="username"
            onBlur={[Function]}
            onChange={[Function]}
            onFocus={[Function]}
            onKeyDown={[Function]}
            placeholder="Nazwę użytkownika"
            type="text"
            value=""
          />
        </div>
      </div>
    </div>
  </div>
  <div
    className="ant-row ant-form-item"
    style={Object {}}
  >
    <div
      className="ant-col ant-col-24 ant-form-item-label"
      style={Object {}}
    >
      <label
        className="ant-form-item-required"
        htmlFor="email"
        title="Podaj email"
      >
        Podaj email
      </label>
    </div>
    <div
      className="ant-col ant-col-24 ant-form-item-control"
      style={Object {}}
    >
      <div
        className="ant-form-item-control-input"
      >
        <div
          className="ant-form-item-control-input-content"
        >
          <input
            className="ant-input"
            id="email"
            onBlur={[Function]}
            onChange={[Function]}
            onFocus={[Function]}
            onKeyDown={[Function]}
            placeholder="Email"
            type="text"
            value=""
          />
        </div>
      </div>
    </div>
  </div>
  <div
    className="ant-row ant-form-item"
    style={Object {}}
  >
    <div
      className="ant-col ant-col-24 ant-form-item-label"
      style={Object {}}
    >
      <label
        className="ant-form-item-required"
        htmlFor="password"
        title="Podaj hasło"
      >
        Podaj hasło
      </label>
    </div>
    <div
      className="ant-col ant-col-24 ant-form-item-control"
      style={Object {}}
    >
      <div
        className="ant-form-item-control-input"
      >
        <div
          className="ant-form-item-control-input-content"
        >
          <input
            className="ant-input"
            id="password"
            onBlur={[Function]}
            onChange={[Function]}
            onFocus={[Function]}
            onKeyDown={[Function]}
            placeholder="Hasło"
            type="password"
            value=""
          />
        </div>
      </div>
    </div>
  </div>
  <div
    className="ant-row ant-form-item"
    style={Object {}}
  >
    <div
      className="ant-col ant-col-24 ant-form-item-label"
      style={Object {}}
    >
      <label
        className="ant-form-item-required"
        htmlFor="repeatPassword"
        title="Powtórz hasło"
      >
        Powtórz hasło
      </label>
    </div>
    <div
      className="ant-col ant-col-24 ant-form-item-control"
      style={Object {}}
    >
      <div
        className="ant-form-item-control-input"
      >
        <div
          className="ant-form-item-control-input-content"
        >
          <input
            className="ant-input"
            id="repeatPassword"
            onBlur={[Function]}
            onChange={[Function]}
            onFocus={[Function]}
            onKeyDown={[Function]}
            placeholder="Powtórz hasło"
            type="password"
            value=""
          />
        </div>
      </div>
    </div>
  </div>
  <div
    className="custom-form-btns"
  >
    <button
      className="ant-btn custom-btn custom-btn-primary custom-form-btn"
      disabled={false}
      onClick={[Function]}
      type="submit"
    >
      <span>
        Zarejestruj się
      </span>
    </button>
    <button
      className="ant-btn custom-btn custom-btn-clear custom-form-btn"
      onClick={[Function]}
      type="button"
    >
      <span>
        Wyczyść
      </span>
    </button>
  </div>
</form>
`;
