// Jest Snapshot v1, https://goo.gl/fbAQLP

exports[`Navigation Component matches the snapshot 1`] = `
<div>
  Nawigacja jest dostÄ™pna po zalogowaniu
</div>
`;
