// Jest Snapshot v1, https://goo.gl/fbAQLP

exports[`Editing Panel Component matches the snapshot 1`] = `
<div
  className="two-column editing-panel"
>
  <div
    className="two-column-left"
  >
    <div
      className="custom-list"
    >
      <div
        className="custom-list-container custom-list-alone"
      >
        <div
          className="ant-list ant-list-vertical ant-list-split"
        >
          <div
            className="ant-spin-nested-loading"
          >
            <div
              className="ant-spin-container"
            >
              <ul
                className="ant-list-items"
              >
                <li
                  className="ant-list-item ant-list-item-no-flex custom-list-item"
                  onClick={[Function]}
                >
                  <div>
                    test1
                  </div>
                  <ul
                    className="ant-list-item-action"
                  >
                    <li>
                      <button
                        className="ant-btn ant-btn-sm custom-btn custom-btn-delete"
                        onClick={[Function]}
                        onKeyDown={[Function]}
                        onMouseDown={[Function]}
                        onTouchStart={[Function]}
                        type="button"
                      >
                        <span
                          aria-label="delete"
                          className="anticon anticon-delete"
                          role="img"
                        >
                          <svg
                            aria-hidden="true"
                            data-icon="delete"
                            fill="currentColor"
                            focusable="false"
                            height="1em"
                            viewBox="64 64 896 896"
                            width="1em"
                          >
                            <path
                              d="M360 184h-8c4.4 0 8-3.6 8-8v8h304v-8c0 4.4 3.6 8 8 8h-8v72h72v-80c0-35.3-28.7-64-64-64H352c-35.3 0-64 28.7-64 64v80h72v-72zm504 72H160c-17.7 0-32 14.3-32 32v32c0 4.4 3.6 8 8 8h60.4l24.7 523c1.6 34.1 29.8 61 63.9 61h454c34.2 0 62.3-26.8 63.9-61l24.7-523H888c4.4 0 8-3.6 8-8v-32c0-17.7-14.3-32-32-32zM731.3 840H292.7l-24.2-512h487l-24.2 512z"
                            />
                          </svg>
                        </span>
                        <span>
                          Usuń
                        </span>
                      </button>
                    </li>
                  </ul>
                </li>
                <li
                  className="ant-list-item ant-list-item-no-flex custom-list-item"
                  onClick={[Function]}
                >
                  <div>
                    test2
                  </div>
                  <ul
                    className="ant-list-item-action"
                  >
                    <li>
                      <button
                        className="ant-btn ant-btn-sm custom-btn custom-btn-delete"
                        onClick={[Function]}
                        onKeyDown={[Function]}
                        onMouseDown={[Function]}
                        onTouchStart={[Function]}
                        type="button"
                      >
                        <span
                          aria-label="delete"
                          className="anticon anticon-delete"
                          role="img"
                        >
                          <svg
                            aria-hidden="true"
                            data-icon="delete"
                            fill="currentColor"
                            focusable="false"
                            height="1em"
                            viewBox="64 64 896 896"
                            width="1em"
                          >
                            <path
                              d="M360 184h-8c4.4 0 8-3.6 8-8v8h304v-8c0 4.4 3.6 8 8 8h-8v72h72v-80c0-35.3-28.7-64-64-64H352c-35.3 0-64 28.7-64 64v80h72v-72zm504 72H160c-17.7 0-32 14.3-32 32v32c0 4.4 3.6 8 8 8h60.4l24.7 523c1.6 34.1 29.8 61 63.9 61h454c34.2 0 62.3-26.8 63.9-61l24.7-523H888c4.4 0 8-3.6 8-8v-32c0-17.7-14.3-32-32-32zM731.3 840H292.7l-24.2-512h487l-24.2 512z"
                            />
                          </svg>
                        </span>
                        <span>
                          Usuń
                        </span>
                      </button>
                    </li>
                  </ul>
                </li>
                <li
                  className="ant-list-item ant-list-item-no-flex custom-list-item"
                  onClick={[Function]}
                >
                  <div>
                    test3
                  </div>
                  <ul
                    className="ant-list-item-action"
                  >
                    <li>
                      <button
                        className="ant-btn ant-btn-sm custom-btn custom-btn-delete"
                        onClick={[Function]}
                        onKeyDown={[Function]}
                        onMouseDown={[Function]}
                        onTouchStart={[Function]}
                        type="button"
                      >
                        <span
                          aria-label="delete"
                          className="anticon anticon-delete"
                          role="img"
                        >
                          <svg
                            aria-hidden="true"
                            data-icon="delete"
                            fill="currentColor"
                            focusable="false"
                            height="1em"
                            viewBox="64 64 896 896"
                            width="1em"
                          >
                            <path
                              d="M360 184h-8c4.4 0 8-3.6 8-8v8h304v-8c0 4.4 3.6 8 8 8h-8v72h72v-80c0-35.3-28.7-64-64-64H352c-35.3 0-64 28.7-64 64v80h72v-72zm504 72H160c-17.7 0-32 14.3-32 32v32c0 4.4 3.6 8 8 8h60.4l24.7 523c1.6 34.1 29.8 61 63.9 61h454c34.2 0 62.3-26.8 63.9-61l24.7-523H888c4.4 0 8-3.6 8-8v-32c0-17.7-14.3-32-32-32zM731.3 840H292.7l-24.2-512h487l-24.2 512z"
                            />
                          </svg>
                        </span>
                        <span>
                          Usuń
                        </span>
                      </button>
                    </li>
                  </ul>
                </li>
              </ul>
            </div>
          </div>
        </div>
      </div>
      <div />
    </div>
  </div>
  <div
    className="two-column-right"
  >
    <div
      className="two-modes-form"
    >
      <div
        className="two-modes-form-header"
      >
        <div
          className="two-modes-form-header-text"
        >
          <h2>
            Panel Edycji
          </h2>
        </div>
        <div
          className="two-modes-form-header-tag"
        >
          <span
            className="ant-tag ant-tag-has-color"
            style={
              Object {
                "backgroundColor": "#026E05",
              }
            }
          >
            Nowy
          </span>
        </div>
      </div>
      <form
        className="ant-form ant-form-horizontal custom-form"
        onReset={[Function]}
        onSubmit={[Function]}
      >
        <div
          className="ant-row ant-form-item"
          style={Object {}}
        >
          <div
            className="ant-col ant-col-24 ant-form-item-control"
            style={Object {}}
          >
            <div
              className="ant-form-item-control-input"
            >
              <div
                className="ant-form-item-control-input-content"
              >
                <input
                  className="ant-input"
                  id="name"
                  onBlur={[Function]}
                  onChange={[Function]}
                  onFocus={[Function]}
                  onKeyDown={[Function]}
                  type="text"
                  value=""
                />
              </div>
            </div>
          </div>
        </div>
        <div
          className="custom-form-btns"
        >
          <button
            className="ant-btn custom-btn custom-btn-primary custom-form-btn"
            onClick={[Function]}
            type="submit"
          >
            <span>
              Create
            </span>
          </button>
          <button
            className="ant-btn custom-btn custom-btn-clear custom-form-btn"
            onClick={[Function]}
            type="button"
          >
            <span>
              Wyczyść
            </span>
          </button>
        </div>
      </form>
    </div>
  </div>
</div>
`;
